[2026-07-21 08:15:40] info: 	z2m: Logging to console, file (filename: log.log)
[2026-07-21 08:15:40] info: 	z2m: Starting Zigbee2MQTT version 2.12.1 (commit #unknown)
[2026-07-21 08:15:40] info: 	z2m: Starting zigbee-herdsman (10.6.1)
[2026-07-21 08:15:40] info: 	zh:zstack:znp: Opening TCP socket with 192.168.87.68:6638
[2026-07-21 08:16:24] info: 	zh:zstack:znp: Socket connected
[2026-07-21 08:16:24] info: 	zh:zstack:znp: Socket ready
[2026-07-21 08:16:24] info: 	zh:zstack:znp: Writing CC2530/CC2531 skip bootloader payload
[2026-07-21 08:16:25] info: 	zh:zstack:znp: Skip bootloader for CC2652/CC1352
[2026-07-21 08:16:53] error: 	zh:zstack:znp: Error while parsing to ZpiObject 'Error: CommandID '0' from subsystem '0' not found'
[2026-07-21 08:16:59] error: 	z2m: Error while starting zigbee-herdsman
[2026-07-21 08:16:59] error: 	z2m: Failed to start zigbee-herdsman
[2026-07-21 08:16:59] error: 	z2m: Check https://www.zigbee2mqtt.io/guide/installation/20_zigbee2mqtt-fails-to-start_crashes-runtime.html for possible solutions
[2026-07-21 08:16:59] error: 	z2m: Exiting...
[2026-07-21 08:16:59] error: 	z2m: Error: SRSP - SAPI - readConfiguration after 6000ms
    at Object.start (/app/node_modules/.pnpm/zigbee-herdsman@10.6.1/node_modules/zigbee-herdsman/src/utils/waitress.ts:68:23)
    at /app/node_modules/.pnpm/zigbee-herdsman@10.6.1/node_modules/zigbee-herdsman/src/adapter/z-stack/znp/znp.ts:256:45
    at AsyncMutex.run (/app/node_modules/.pnpm/zigbee-herdsman@10.6.1/node_modules/zigbee-herdsman/src/utils/async-mutex.ts:17:26)
    at Znp.request (/app/node_modules/.pnpm/zigbee-herdsman@10.6.1/node_modules/zigbee-herdsman/src/adapter/z-stack/znp/znp.ts:249:27)
    at Znp.requestWithReply (/app/node_modules/.pnpm/zigbee-herdsman@10.6.1/node_modules/zigbee-herdsman/src/adapter/z-stack/znp/znp.ts:228:34)
    at ZnpAdapterManager.determineStrategy (/app/node_modules/.pnpm/zigbee-herdsman@10.6.1/node_modules/zigbee-herdsman/src/adapter/z-stack/adapter/manager.ts:121:39)
    at processTicksAndRejections (node:internal/process/task_queues:103:5)
    at ZnpAdapterManager.start (/app/node_modules/.pnpm/zigbee-herdsman@10.6.1/node_modules/zigbee-herdsman/src/adapter/z-stack/adapter/manager.ts:61:26)
    at ZStackAdapter.start (/app/node_modules/.pnpm/zigbee-herdsman@10.6.1/node_modules/zigbee-herdsman/src/adapter/z-stack/adapter/zStackAdapter.ts:135:16)
    at Controller.start (/app/node_modules/.pnpm/zigbee-herdsman@10.6.1/node_modules/zigbee-herdsman/src/controller/controller.ts:146:29)
